==========================================
Creando infraestructura de Azure
==========================================
Verificando login en Azure...
✓ Suscripción activa: adab345e-de53-4d8d-a3a9-9caae83da636

[1/4] Creando Resource Group...
Location    Name
----------  ---------------------
eastus      rg-mibanco-helloworld
✓ Resource Group creado: rg-mibanco-helloworld

[2/4] Creando Azure Container Registry...
NAME                  RESOURCE GROUP         LOCATION    SKU    LOGIN SERVER                     CREATION DATE         ADMIN ENABLED
--------------------  ---------------------  ----------  -----  -------------------------------  --------------------  ---------------
acrmibancohelloworld  rg-mibanco-helloworld  eastus      Basic  acrmibancohelloworld.azurecr.io  2026-01-31T18:15:59Z  True
✓ ACR creado: acrmibancohelloworld
  ACR Login Server: acrmibancohelloworld.azurecr.io
  ACR Username: acrmibancohelloworld

[3/4] Creando Azure Kubernetes Service (esto puede tardar varios minutos)...
WARNING: docker_bridge_cidr is not a known attribute of class <class 'azure.mgmt.containerservice.models._models_py3.ContainerServiceNetworkProfile'> and will be ignored
AAD role propagation done[############################################]  100.0000%AzurePortalFqdn                                                          CurrentKubernetesVersion    DisableLocalAccounts    DnsPrefix                           ETag                                  EnableRbac    Fqdn                                                              Kind    KubernetesVersion    Location    MaxAgentPools    Name                    NodeResourceGroup                                       ProvisioningState    ResourceGroup          ResourceUid               SupportPlan
-----------------------------------------------------------------------  --------------------------  ----------------------  ----------------------------------  ------------------------------------  ------------  ----------------------------------------------------------------  ------  -------------------  ----------  ---------------  ----------------------  ------------------------------------------------------  -------------------  ---------------------  ------------------------  ------------------
aks-mibanc-rg-mibanco-hello-adab34-hofegd1o.portal.hcp.eastus.azmk8s.io  1.33.6                      False                   aks-mibanc-rg-mibanco-hello-adab34  896680c1-c753-4a0e-9003-2cdcd5b87336  True          aks-mibanc-rg-mibanco-hello-adab34-hofegd1o.hcp.eastus.azmk8s.io  Base    1.33                 eastus      100              aks-mibanco-helloworld  MC_rg-mibanco-helloworld_aks-mibanco-helloworld_eastus  Succeeded            rg-mibanco-helloworld  697e472e00685c0001558be2  KubernetesOfficial
✓ AKS creado: aks-mibanco-helloworld

Obteniendo credenciales de AKS...
WARNING: Merged "aks-mibanco-helloworld" as current context in /home/jean-simon/.kube/config
✓ Credenciales de AKS configuradas

Verificando conexión al cluster...
Kubernetes control plane is running at https://aks-mibanc-rg-mibanco-hello-adab34-hofegd1o.hcp.eastus.azmk8s.io:443
CoreDNS is running at https://aks-mibanc-rg-mibanco-hello-adab34-hofegd1o.hcp.eastus.azmk8s.io:443/api/v1/namespaces/kube-system/services/kube-dns:dns/proxy
Metrics-server is running at https://aks-mibanc-rg-mibanco-hello-adab34-hofegd1o.hcp.eastus.azmk8s.io:443/api/v1/namespaces/kube-system/services/https:metrics-server:/proxy

To further debug and diagnose cluster problems, use 'kubectl cluster-info dump'.
NAME                                STATUS   ROLES    AGE   VERSION
aks-nodepool1-11174473-vmss000000   Ready    <none>   65s   v1.33.6

[4/4] Instalando NGINX Ingress Controller...
"ingress-nginx" has been added to your repositories
Hang tight while we grab the latest from your chart repositories...
...Successfully got an update from the "ingress-nginx" chart repository
Update Complete. ⎈Happy Helming!⎈
NAME: nginx-ingress
LAST DEPLOYED: Sat Jan 31 13:21:15 2026
NAMESPACE: ingress-nginx
STATUS: deployed
REVISION: 1
TEST SUITE: None
NOTES:
The ingress-nginx controller has been installed.
It may take a few minutes for the load balancer IP to be available.
You can watch the status by running 'kubectl get service --namespace ingress-nginx nginx-ingress-ingress-nginx-controller --output wide --watch'

An example Ingress that makes use of the controller:
  apiVersion: networking.k8s.io/v1
  kind: Ingress
  metadata:
    name: example
    namespace: foo
  spec:
    ingressClassName: nginx
    rules:
      - host: www.example.com
        http:
          paths:
            - pathType: Prefix
              backend:
                service:
                  name: exampleService
                  port:
                    number: 80
              path: /
    # This section is only required if TLS is to be enabled for the Ingress
    tls:
      - hosts:
        - www.example.com
        secretName: example-tls

If TLS is enabled for the Ingress, a Secret containing the certificate and key must also be provided:

  apiVersion: v1
  kind: Secret
  metadata:
    name: example-tls
    namespace: foo
  data:
    tls.crt: <base64 encoded cert>
    tls.key: <base64 encoded key>
  type: kubernetes.io/tls
✓ NGINX Ingress Controller instalado

Esperando IP externa del LoadBalancer (esto puede tardar un par de minutos)...
pod/nginx-ingress-ingress-nginx-controller-5df8d8565b-p8wkb condition met
Esperando IP externa...

==========================================
✓ Infraestructura creada exitosamente
==========================================

INFORMACIÓN DE RECURSOS:
------------------------
Resource Group:       rg-mibanco-helloworld
ACR Name:             acrmibancohelloworld
ACR Login Server:     acrmibancohelloworld.azurecr.io
AKS Name:             aks-mibanco-helloworld
AKS Nodes:            1
Ingress IP Externa:   20.84.6.70

==========================================
GITHUB SECRETS - Agrega estos 6 secrets:
==========================================

1. ACR_LOGIN_SERVER
   acrmibancohelloworld.azurecr.io

2. ACR_USERNAME
   acrmibancohelloworld

3. ACR_PASSWORD
   6RTu1BaIbSwWYfjHNKSXpLaGWhGCPii1zrTBEeuGbkhCDFVSkr3iJQQJ99CAACYeBjFEqg7NAAACAZCR26kS

4. AKS_RESOURCE_GROUP
   rg-mibanco-helloworld

5. AKS_CLUSTER_NAME
   aks-mibanco-helloworld

6. AZURE_CREDENTIALS (ejecutar este comando):
   az ad sp create-for-rbac \
     --name "sp-mibanco-helloworld-github" \
     --role contributor \
     --scopes /subscriptions/adab345e-de53-4d8d-a3a9-9caae83da636/resourceGroups/rg-mibanco-helloworld \
     --sdk-auth

   Copia TODO el JSON que devuelva el comando anterior

==========================================

PRÓXIMOS PASOS:
------------------------
1. Crear el Service Principal con el comando de arriba
2. Agregar los 6 secrets en GitHub: Settings → Secrets and variables → Actions
3. Hacer push a main para ejecutar el pipeline
4. Acceder a la aplicación en: http://20.84.6.70

COMANDOS ÚTILES:
------------------------
# Ver pods: kubectl get pods
# Ver servicios: kubectl get svc
# Ver ingress: kubectl get ingress
# Logs: kubectl logs -l app=helloworld-mibanco

